<html>
<body>
<pre>
<h1>µVision Build Log</h1>
<h2>Tool Versions:</h2>
IDE-Version: ¶ÃVision V5.31.0.0
Copyright (C) 2020 ARM Ltd and ARM Germany GmbH. All rights reserved.
License Information: 123 turboDog, 123, LIC=S5ISZ-J5A60-5BMEB-2Q59X-Q86HX-9PFU9
 
Tool Versions:
Toolchain:       MDK-ARM Professional  Version: 5.31.0.0
Toolchain Path:  D:\keil v5 core\ARM\ARMCC\Bin
C Compiler:      Armcc.exe V5.06 update 6 (build 750)
Assembler:       Armasm.exe V5.06 update 6 (build 750)
Linker/Locator:  ArmLink.exe V5.06 update 6 (build 750)
Library Manager: ArmAr.exe V5.06 update 6 (build 750)
Hex Converter:   FromElf.exe V5.06 update 6 (build 750)
CPU DLL:         SARMCM3.DLL V5.31.0.0
Dialog DLL:      DCM.DLL V1.17.3.0
Target DLL:      CMSIS_AGDI.dll V1.32.6.0
Dialog DLL:      TCM.DLL V1.46.0.0
 
<h2>Project:</h2>
D:\turboDog\chromeœ¬‘ÿ\rm_infantry-master\Project\rm_infantry.uvprojx
Project File Date:  05/08/2021

<h2>Output:</h2>
*** Using Compiler 'V5.06 update 6 (build 750)', folder: 'D:\keil v5 core\ARM\ARMCC\Bin'
Build target 'rm_infantry'
compiling gimbal_custom.c...
..\User\app\gimbal_custom.c(81): warning:  #1035-D: single-precision operand implicitly converted to double-precision
    VAL_LIMIT(pit_angle_ref, PIT_ANGLE_MIN, PIT_ANGLE_MAX);
..\User\app\gimbal_custom.c(120): warning:  #1035-D: single-precision operand implicitly converted to double-precision
  	if ((pit_angle_ref >= PIT_ANGLE_MAX) && (pit_angle_ref <= PIT_ANGLE_MIN))
..\User\app\gimbal_custom.c(122): warning:  #1035-D: single-precision operand implicitly converted to double-precision
  		VAL_LIMIT(yaw_angle_ref, PIT_ANGLE_MIN, PIT_ANGLE_MAX);
..\User\app\gimbal_custom.c(99): warning:  #177-D: variable "rate"  was declared but never referenced
  	float rate=0.3,a,b;
..\User\app\gimbal_custom.c(99): warning:  #177-D: variable "a"  was declared but never referenced
  	float rate=0.3,a,b;
..\User\app\gimbal_custom.c(99): warning:  #177-D: variable "b"  was declared but never referenced
  	float rate=0.3,a,b;
..\User\app\gimbal_custom.c(100): warning:  #550-D: variable "last_p"  was set but never used
  	static float last_p=0.0f,last_y=0.0f;
..\User\app\gimbal_custom.c(100): warning:  #550-D: variable "last_y"  was set but never used
  	static float last_p=0.0f,last_y=0.0f;
..\User\app\gimbal_custom.c: 8 warnings, 0 errors
linking...
Program Size: Code=61192 RO-data=2220 RW-data=592 ZI-data=24816  
FromELF: creating hex file...
".\rm_infantry\rm_infantry.axf" - 0 Error(s), 8 Warning(s).

<h2>Software Packages used:</h2>

Package Vendor: Keil
                http://www.keil.com/pack/Keil.STM32F4xx_DFP.2.14.0.pack
                Keil.STM32F4xx_DFP.2.14.0
                STMicroelectronics STM32F4 Series Device Support, Drivers and Examples

<h2>Collection of Component include folders:</h2>
  D:\keli\Keil\STM32F4xx_DFP\2.14.0\Drivers\CMSIS\Device\ST\STM32F4xx\Include

<h2>Collection of Component Files used:</h2>
Build Time Elapsed:  00:00:04
</pre>
</body>
</html>
